HTTP	534	529449	1

	1	TCP 10.9.25.101:49197 <-> 185.98.87.185:80 [proto: 7/HTTP][cat: Web/5][163 pkts/9113 bytes <-> 371 pkts/520336 bytes][Goodput ratio: 3/96][69.52 sec][Host: 185.98.87.185][bytes ratio: -0.966 (Download)][IAT c2s/s2c min/avg/max/stddev: 0/0 623/25 60010/4824 5733/276][Pkt Len c2s/s2c min/avg/max/stddev: 54/54 56/1403 204/1514 16/164][URL: 185.98.87.185/tablone.png[StatusCode: 200][ContentType: image/png][UserAgent: WinHTTP loader/1.0][Risk: ** Binary application transfer **][PLAIN TEXT (GET /tablone.png HTTP/1.1)]
