Unknown	12	3985	12
SkypeCall	1	725	1
VRRP	1	725	1
Radius	301	145048	63

	1	UDP 10.12.64.30:29200 <-> 198.226.25.53:1812 [proto: 146/Radius][cat: Network/14][110 pkts/79894 bytes <-> 102 pkts/24138 bytes][Goodput ratio: 93/82][2575.21 sec][bytes ratio: 0.536 (Upload)][IAT c2s/s2c min/avg/max/stddev: 21/154 25882/28068 567977/452627 75856/68610][Pkt Len c2s/s2c min/avg/max/stddev: 697/179 726/237 745/318 20/53][PLAIN TEXT (50311480271516480@wlan.mnc480.m)]
	2	UDP 10.12.64.30:29200 <-> 198.226.25.62:1812 [proto: 146/Radius][cat: Network/14][12 pkts/8682 bytes <-> 6 pkts/1365 bytes][Goodput ratio: 94/81][1507.26 sec][bytes ratio: 0.728 (Upload)][IAT c2s/s2c min/avg/max/stddev: 195/217 150274/201744 597367/597234 204869/243404][Pkt Len c2s/s2c min/avg/max/stddev: 660/165 724/228 745/318 27/65][PLAIN TEXT (50311480281501589@wlan.mnc480.m)]
	3	UDP 10.12.64.30:29200 <-> 198.226.25.53:1813 [proto: 146/Radius][cat: Network/14][6 pkts/3539 bytes <-> 4 pkts/620 bytes][Goodput ratio: 93/73][2002.35 sec][bytes ratio: 0.702 (Upload)][IAT c2s/s2c min/avg/max/stddev: 6131/15399 400469/467937 1165850/1229729 441254/541835][Pkt Len c2s/s2c min/avg/max/stddev: 251/147 590/155 876/179 230/14][PLAIN TEXT (50311480073638072@wlan.mnc400.m)]
	4	UDP 10.4.64.30:29200 -> 198.226.25.53:1812 [proto: 146/Radius][cat: Network/14][1 pkts/745 bytes -> 0 pkts/0 bytes][Goodput ratio: 94/0][< 1 sec][PLAIN TEXT (50311480278501009@wlan.mnc4)]
	5	UDP 10.6.64.30:29200 -> 198.226.25.53:1812 [proto: 146/Radius][cat: Network/14][1 pkts/745 bytes -> 0 pkts/0 bytes][Goodput ratio: 94/0][< 1 sec][PLAIN TEXT (50311480281501589@wlan.mnc480.m)]
	6	UDP 10.12.64.30:29200 -> 108.226.25.53:1812 [proto: 146/Radius][cat: Network/14][1 pkts/745 bytes -> 0 pkts/0 bytes][Goodput ratio: 94/0][< 1 sec][PLAIN TEXT (5031148027)]
	7	UDP 10.12.64.30:29200 -> 198.48.25.53:1812 [proto: 146/Radius][cat: Network/14][1 pkts/745 bytes -> 0 pkts/0 bytes][Goodput ratio: 94/0][< 1 sec][PLAIN TEXT (503114802)]
	8	UDP 10.12.64.30:29200 -> 198.114.25.53:1812 [proto: 146/Radius][cat: Network/14][1 pkts/745 bytes -> 0 pkts/0 bytes][Goodput ratio: 94/0][< 1 sec][PLAIN TEXT (50311480073638072@wlan.mnc480.m)]
	9	UDP 10.12.64.30:29200 -> 198.224.25.53:1812 [proto: 146/Radius][cat: Network/14][1 pkts/745 bytes -> 0 pkts/0 bytes][Goodput ratio: 94/0][< 1 sec][PLAIN TEXT (WISPRc0)]
	10	UDP 10.12.64.30:29200 -> 198.226.25.21:1812 [proto: 146/Radius][cat: Network/14][1 pkts/745 bytes -> 0 pkts/0 bytes][Goodput ratio: 94/0][< 1 sec][PLAIN TEXT (50311480232568631)]
	11	UDP 10.12.64.30:29200 -> 206.226.25.53:1812 [proto: 146/Radius][cat: Network/14][1 pkts/745 bytes -> 0 pkts/0 bytes][Goodput ratio: 94/0][< 1 sec][PLAIN TEXT (50311480073638072@wlan.mnc480.m)]
	12	UDP 10.12.64.30:29304 -> 198.226.25.53:1812 [proto: 146/Radius][cat: Network/14][1 pkts/745 bytes -> 0 pkts/0 bytes][Goodput ratio: 94/0][< 1 sec][PLAIN TEXT (50311480073638072@wlan)]
	13	UDP 10.12.64.30:30224 -> 198.226.25.53:1812 [proto: 146/Radius][cat: Network/14][1 pkts/745 bytes -> 0 pkts/0 bytes][Goodput ratio: 94/0][< 1 sec][PLAIN TEXT (50311480073638072@wlan.mnc480.m)]
	14	UDP 10.12.64.37:29200 -> 0.226.25.53:1812 [proto: 146/Radius][cat: Network/14][1 pkts/745 bytes -> 0 pkts/0 bytes][Goodput ratio: 94/0][< 1 sec][PLAIN TEXT (311480281501589@wlan.mnc480.mcc)]
	15	UDP 10.12.64.110:29200 -> 198.226.25.53:1812 [proto: 146/Radius][cat: Network/14][1 pkts/745 bytes -> 0 pkts/0 bytes][Goodput ratio: 94/0][< 1 sec][PLAIN TEXT (503114800736c)]
	16	UDP 10.12.82.30:29200 -> 198.226.25.53:1812 [proto: 146/Radius][cat: Network/14][1 pkts/745 bytes -> 0 pkts/0 bytes][Goodput ratio: 94/0][< 1 sec][PLAIN TEXT (50311480073638072@wlan.mnc480.m)]
	17	UDP 10.76.64.30:29200 -> 198.226.25.53:1812 [proto: 146/Radius][cat: Network/14][1 pkts/745 bytes -> 0 pkts/0 bytes][Goodput ratio: 94/0][< 1 sec][PLAIN TEXT (0311480071394304@wlan.mncD)]
	18	UDP 57.12.64.30:29200 -> 198.226.25.53:28948 [proto: 146/Radius][cat: Network/14][1 pkts/745 bytes -> 0 pkts/0 bytes][Goodput ratio: 94/0][< 1 sec][PLAIN TEXT (50311480250864628)]
	19	UDP 182.12.64.30:29200 -> 198.226.25.53:1812 [proto: 146/Radius][cat: Network/14][1 pkts/745 bytes -> 0 pkts/0 bytes][Goodput ratio: 94/0][< 1 sec][PLAIN TEXT (5031148)]
	20	UDP 10.12.64.30:29200 -> 198.119.25.53:1812 [proto: 125.38/Skype.SkypeCall][cat: VoIP/10][1 pkts/725 bytes -> 0 pkts/0 bytes][Goodput ratio: 94/0][< 1 sec][Risk: ** Known protocol on non standard port **]
	21	UDP 10.12.64.30:29200 -> 198.226.25.53:1796 [proto: 146/Radius][cat: Network/14][1 pkts/725 bytes -> 0 pkts/0 bytes][Goodput ratio: 94/0][< 1 sec][PLAIN TEXT (11480073638072@wlan.mnc)]
	22	UDP 10.12.64.30:29200 -> 198.226.37.0:1812 [proto: 146/Radius][cat: Network/14][1 pkts/725 bytes -> 0 pkts/0 bytes][Goodput ratio: 94/0][< 1 sec][PLAIN TEXT (50311480250864628@wlan.Vn)]
	23	UDP 10.12.64.30:29232 -> 198.226.25.53:1812 [proto: 146/Radius][cat: Network/14][1 pkts/725 bytes -> 0 pkts/0 bytes][Goodput ratio: 94/0][< 1 sec][PLAIN TEXT (50311480073638072@wlan.mnc480.m)]
	24	UDP 10.12.64.30:29289 -> 198.226.25.53:1812 [proto: 146/Radius][cat: Network/14][1 pkts/725 bytes -> 0 pkts/0 bytes][Goodput ratio: 94/0][< 1 sec][PLAIN TEXT (50311480073638072@wlan.mnc480.m)]
	25	UDP 10.84.37.0:29200 -> 198.226.25.53:1812 [proto: 146/Radius][cat: Network/14][1 pkts/725 bytes -> 0 pkts/0 bytes][Goodput ratio: 94/0][< 1 sec][PLAIN TEXT (50311480073638072@wlan.mnc480.m)]
	26	VRRP 10.12.64.30:0 -> 198.226.25.53:0 [proto: 73/VRRP][cat: Network/14][1 pkts/725 bytes -> 0 pkts/0 bytes][Goodput ratio: 0/0][< 1 sec][PLAIN TEXT (50311480250864628@wlan.mnc480.m)]
	27	UDP 10.8.64.30:29200 -> 198.226.25.53:1812 [proto: 146/Radius][cat: Network/14][1 pkts/697 bytes -> 0 pkts/0 bytes][Goodput ratio: 94/0][< 1 sec][PLAIN TEXT (50311480232568631@wlan.mnc490.m)]
	28	UDP 10.12.64.30:29200 -> 198.226.77.53:1812 [proto: 146/Radius][cat: Network/14][1 pkts/697 bytes -> 0 pkts/0 bytes][Goodput ratio: 94/0][< 1 sec][PLAIN TEXT (50311480281501589@wlan.mnc480.m)]
	29	UDP 10.12.64.30:29200 -> 198.226.80.53:1812 [proto: 146/Radius][cat: Network/14][1 pkts/697 bytes -> 0 pkts/0 bytes][Goodput ratio: 94/0][< 1 sec][PLAIN TEXT (50311480432608586@slan.mnc480.m)]
	30	UDP 88.12.80.30:29200 -> 198.226.25.53:1812 [proto: 146/Radius][cat: Network/14][1 pkts/697 bytes -> 0 pkts/0 bytes][Goodput ratio: 94/0][< 1 sec][PLAIN TEXT (50311480281501589@wlan.mnc480.m)]
	31	UDP 10.12.69.30:29200 -> 198.226.25.53:1813 [proto: 146/Radius][cat: Network/14][1 pkts/671 bytes -> 0 pkts/0 bytes][Goodput ratio: 94/0][< 1 sec]
	32	UDP 198.226.25.53:1812 -> 10.12.37.0:29200 [proto: 146/Radius][cat: Network/14][2 pkts/557 bytes -> 0 pkts/0 bytes][Goodput ratio: 85/0][908.94 sec][PLAIN TEXT (50311480073638072@wlan.mnc480.m)]
	33	UDP 198.226.25.53:1895 -> 10.12.64.30:29200 [proto: 146/Radius][cat: Network/14][1 pkts/318 bytes -> 0 pkts/0 bytes][Goodput ratio: 87/0][< 1 sec][PLAIN TEXT (50311480073638072@wlan.mnc480.m)]
	34	UDP 198.226.25.62:1812 -> 10.12.37.0:29200 [proto: 146/Radius][cat: Network/14][1 pkts/318 bytes -> 0 pkts/0 bytes][Goodput ratio: 87/0][< 1 sec][PLAIN TEXT (50311480073638072@wlan.mnc480.m)]
	35	UDP 37.0.25.62:1812 -> 10.12.64.30:29200 [proto: 146/Radius][cat: Network/14][1 pkts/239 bytes -> 0 pkts/0 bytes][Goodput ratio: 82/0][< 1 sec][PLAIN TEXT (50311480073638072@wlan.mnc480.m)]
	36	UDP 72.226.25.53:1812 -> 10.12.64.30:29200 [proto: 146/Radius][cat: Network/14][1 pkts/239 bytes -> 0 pkts/0 bytes][Goodput ratio: 82/0][< 1 sec][PLAIN TEXT (0311480073638072@wMan.ync)]
	37	UDP 198.7.9.53:1812 -> 10.12.64.30:29200 [proto: 146/Radius][cat: Network/14][1 pkts/239 bytes -> 0 pkts/0 bytes][Goodput ratio: 82/0][< 1 sec][PLAIN TEXT (50313480073638072@wlan.mnc480.m)]
	38	UDP 198.157.25.53:1812 -> 10.12.64.30:29200 [proto: 146/Radius][cat: Network/14][1 pkts/239 bytes -> 0 pkts/0 bytes][Goodput ratio: 82/0][< 1 sec][PLAIN TEXT (50311480073638072@wlan.mnc480.m)]
	39	UDP 198.226.25.53:1812 -> 10.12.64.30:22544 [proto: 146/Radius][cat: Network/14][1 pkts/239 bytes -> 0 pkts/0 bytes][Goodput ratio: 82/0][< 1 sec][PLAIN TEXT (50311480250864628@wlan.mnc480.m)]
	40	UDP 198.226.25.53:1812 -> 10.12.64.30:29208 [proto: 146/Radius][cat: Network/14][1 pkts/239 bytes -> 0 pkts/0 bytes][Goodput ratio: 82/0][< 1 sec][PLAIN TEXT (50311480073638072@wlan.mnc480.m)]
	41	UDP 198.226.25.53:1812 -> 10.12.64.66:29200 [proto: 146/Radius][cat: Network/14][1 pkts/239 bytes -> 0 pkts/0 bytes][Goodput ratio: 82/0][< 1 sec][PLAIN TEXT (503114800736S)]
	42	UDP 198.226.25.53:1812 -> 10.12.64.73:29200 [proto: 146/Radius][cat: Network/14][1 pkts/239 bytes -> 0 pkts/0 bytes][Goodput ratio: 82/0][< 1 sec][PLAIN TEXT (50311480073638072@wlan.mnc480.m)]
	43	UDP 198.226.25.53:1812 -> 10.12.120.30:29200 [proto: 146/Radius][cat: Network/14][1 pkts/239 bytes -> 0 pkts/0 bytes][Goodput ratio: 82/0][< 1 sec]
	44	UDP 198.226.25.53:1812 -> 10.12.172.158:29200 [proto: 146/Radius][cat: Network/14][1 pkts/239 bytes -> 0 pkts/0 bytes][Goodput ratio: 82/0][< 1 sec][PLAIN TEXT (50311480073638072@wlan.mnc480.m)]
	45	UDP 198.226.25.53:1812 -> 10.28.64.30:29200 [proto: 146/Radius][cat: Network/14][1 pkts/239 bytes -> 0 pkts/0 bytes][Goodput ratio: 82/0][< 1 sec][PLAIN TEXT (50311480250864628@wlan.mnc480.m)]
	46	UDP 198.226.25.53:1812 -> 10.56.64.30:9472 [proto: 146/Radius][cat: Network/14][1 pkts/239 bytes -> 0 pkts/0 bytes][Goodput ratio: 82/0][< 1 sec][PLAIN TEXT (50311480073638072@wlan.mnc480.m)]
	47	UDP 198.226.25.53:1812 -> 65.12.64.30:29200 [proto: 146/Radius][cat: Network/14][1 pkts/239 bytes -> 0 pkts/0 bytes][Goodput ratio: 82/0][< 1 sec][PLAIN TEXT (50311480250864628@wlan.mnc480.m)]
	48	UDP 198.226.25.53:1965 -> 10.12.64.30:29200 [proto: 146/Radius][cat: Network/14][1 pkts/239 bytes -> 0 pkts/0 bytes][Goodput ratio: 82/0][< 1 sec][PLAIN TEXT (50311480073638072@wlan.mnc480.m)]
	49	UDP 198.226.25.62:1812 -> 10.12.64.30:29295 [proto: 146/Radius][cat: Network/14][1 pkts/239 bytes -> 0 pkts/0 bytes][Goodput ratio: 82/0][< 1 sec][PLAIN TEXT (50311480073638072@wlan.mnc480.m)]
	50	UDP 198.226.82.53:1812 -> 10.12.64.30:29200 [proto: 146/Radius][cat: Network/14][1 pkts/239 bytes -> 0 pkts/0 bytes][Goodput ratio: 82/0][< 1 sec][PLAIN TEXT (50311480073638072@wlan.mnc480.m)]
	51	UDP 198.230.25.62:1812 -> 10.12.64.30:29200 [proto: 146/Radius][cat: Network/14][1 pkts/239 bytes -> 0 pkts/0 bytes][Goodput ratio: 82/0][< 1 sec][PLAIN TEXT (50311480073638072@wlan.mnc480.m)]
	52	UDP 198.52.25.53:1812 -> 10.12.64.30:29200 [proto: 146/Radius][cat: Network/14][1 pkts/206 bytes -> 0 pkts/0 bytes][Goodput ratio: 79/0][< 1 sec][PLAIN TEXT (50311480281501589@Klan.mnc480.m)]
	53	UDP 198.162.25.53:1810 -> 10.12.64.30:29200 [proto: 146/Radius][cat: Network/14][1 pkts/206 bytes -> 0 pkts/0 bytes][Goodput ratio: 79/0][< 1 sec][PLAIN TEXT (50311480281501589@wlan.Gnc480.m)]
	54	UDP 198.226.25.53:1812 -> 10.12.112.30:29200 [proto: 146/Radius][cat: Network/14][1 pkts/206 bytes -> 0 pkts/0 bytes][Goodput ratio: 79/0][< 1 sec][PLAIN TEXT (50311480071394304@wlan.mnc480.m)]
	55	UDP 198.226.25.53:43028 -> 10.12.64.30:29200 [proto: 146/Radius][cat: Network/14][1 pkts/206 bytes -> 0 pkts/0 bytes][Goodput ratio: 79/0][< 1 sec][PLAIN TEXT (50311480432608586@wlan.mnc480.m)]
	56	UDP 198.226.25.53:1812 -> 10.12.64.30:29204 [proto: 146/Radius][cat: Network/14][1 pkts/179 bytes -> 0 pkts/0 bytes][Goodput ratio: 76/0][< 1 sec][PLAIN TEXT (50311480071394304@wlan.mnc480.m)]
	57	UDP 198.226.25.53:1812 -> 10.12.64.30:29270 [proto: 146/Radius][cat: Network/14][1 pkts/179 bytes -> 0 pkts/0 bytes][Goodput ratio: 76/0][< 1 sec][PLAIN TEXT (503114w)]
	58	UDP 198.226.25.53:1812 -> 10.81.64.30:29200 [proto: 146/Radius][cat: Network/14][1 pkts/179 bytes -> 0 pkts/0 bytes][Goodput ratio: 76/0][< 1 sec][PLAIN TEXT (50311480432608586@wlan.mnc480.m)]
	59	UDP 198.226.25.53:1812 -> 10.82.64.30:29200 [proto: 146/Radius][cat: Network/14][1 pkts/179 bytes -> 0 pkts/0 bytes][Goodput ratio: 76/0][< 1 sec][PLAIN TEXT (50311480281501589@wlan.mnc480.m)]
	60	UDP 198.226.25.53:1812 -> 10.102.64.30:29200 [proto: 146/Radius][cat: Network/14][1 pkts/179 bytes -> 0 pkts/0 bytes][Goodput ratio: 76/0][< 1 sec][PLAIN TEXT (480271516480@wlan.mnc)]
	61	UDP 198.226.25.53:1812 -> 74.12.64.30:29200 [proto: 146/Radius][cat: Network/14][1 pkts/179 bytes -> 0 pkts/0 bytes][Goodput ratio: 76/0][< 1 sec][PLAIN TEXT (50311480281501589@wlan.mnc480.m)]
	62	UDP 198.226.25.53:3860 -> 14.12.64.30:29200 [proto: 146/Radius][cat: Network/14][1 pkts/179 bytes -> 0 pkts/0 bytes][Goodput ratio: 76/0][< 1 sec][PLAIN TEXT (50311480432608586@wlan.mnc480.m)]
	63	UDP 198.234.25.53:1812 -> 10.12.64.30:29200 [proto: 146/Radius][cat: Network/14][1 pkts/179 bytes -> 0 pkts/0 bytes][Goodput ratio: 76/0][< 1 sec][PLAIN TEXT (11480281501589@wlan.mnc)]
	64	UDP 198.226.25.53:1813 -> 10.12.64.30:21008 [proto: 146/Radius][cat: Network/14][1 pkts/147 bytes -> 0 pkts/0 bytes][Goodput ratio: 71/0][< 1 sec][PLAIN TEXT (50311480073638072@wlan.mnc480.m)]
	65	UDP 198.226.25.53:1813 -> 10.12.64.30:29264 [proto: 146/Radius][cat: Network/14][1 pkts/147 bytes -> 0 pkts/0 bytes][Goodput ratio: 71/0][< 1 sec][PLAIN TEXT (50311480073638072@wla)]


Undetected flows:
	1	UDP 170.170.170.170:43690 -> 170.170.170.170:43690 [proto: 0/Unknown][1 pkts/745 bytes -> 0 pkts/0 bytes][Goodput ratio: 94/0][< 1 sec]
	2	254 10.12.64.30:0 -> 198.226.25.53:0 [proto: 0/Unknown][1 pkts/725 bytes -> 0 pkts/0 bytes][Goodput ratio: 0/0][< 1 sec][PLAIN TEXT (50311480073638072@wlan.mnc480.m)]
	3	0 10.12.64.30:0 -> 198.226.25.53:0 [proto: 0/Unknown][1 pkts/697 bytes -> 0 pkts/0 bytes][Goodput ratio: 0/0][< 1 sec][PLAIN TEXT (50311480071394304@wlan.mnc480.m)]
	4	88 198.226.25.53:0 -> 10.12.64.30:0 [proto: 0/Unknown][1 pkts/318 bytes -> 0 pkts/0 bytes][Goodput ratio: 0/0][< 1 sec][PLAIN TEXT (0311480073R)]
	5	170 170.170.170.170:0 -> 170.170.170.170:0 [proto: 0/Unknown][1 pkts/239 bytes -> 0 pkts/0 bytes][Goodput ratio: 0/0][< 1 sec]
	6	UDP 198.226.170.170:43690 -> 170.170.170.170:43690 [proto: 0/Unknown][1 pkts/206 bytes -> 0 pkts/0 bytes][Goodput ratio: 79/0][< 1 sec]
	7	85 198.226.25.62:0 -> 10.12.64.30:0 [proto: 0/Unknown][1 pkts/192 bytes -> 0 pkts/0 bytes][Goodput ratio: 0/0][< 1 sec][PLAIN TEXT (503114s)]
	8	UDP 198.226.25.53:309 -> 10.12.64.30:12339 [proto: 0/Unknown][1 pkts/179 bytes -> 0 pkts/0 bytes][Goodput ratio: 61/0][< 1 sec][PLAIN TEXT (50311480071394304@wlan.mnc480.m)]
	9	UDP 198.226.25.53:1814 -> 10.12.64.30:29200 [proto: 0/Unknown][1 pkts/179 bytes -> 0 pkts/0 bytes][Goodput ratio: 76/0][< 1 sec][PLAIN TEXT (50311480071394304@wlan.mnc480.m)]
	10	UDP 198.226.25.53:43690 -> 10.12.170.170:43690 [proto: 0/Unknown][1 pkts/179 bytes -> 0 pkts/0 bytes][Goodput ratio: 76/0][< 1 sec]
	11	37 198.226.25.53:0 -> 10.12.64.30:0 [proto: 0/Unknown][1 pkts/179 bytes -> 0 pkts/0 bytes][Goodput ratio: 0/0][< 1 sec][PLAIN TEXT (5031148023)]
	12	UDP 198.226.25.53:30764 -> 10.12.64.30:12344 [proto: 0/Unknown][1 pkts/147 bytes -> 0 pkts/0 bytes][Goodput ratio: 60/0][< 1 sec][PLAIN TEXT (50311480063638072@wlan.mnc480.m)]
